Verifying 8B model SHA-256
version
tokenizer-00
tokenizer-01
tokenizer-02
tokenizer-03
tokenizer-04
tokenizer-05
tokenizer-06
tokenizer-07
tokenizer-08
tokenizer-09
tokenizer-10
tokenizer-11
tokenizer-12
tokenizer-13
tokenizer-14
tokenizer-15
tokenizer-16
tokenizer-17
tokenizer-18
tokenizer-19
logits-00-ids
logits-00
logits-01-ids
logits-01
logits-02-ids
logits-02
logits-03-ids
logits-03
logits-04-ids
logits-04
logits-05-ids
logits-05
ppl-ids
ppl-00
ppl-01
ppl-02
ppl-03
8B HF check PASS: 20 tokenizer cases, six rankings, four NLL cases
